Archive member included because of file (symbol)

/usr/lib/gcc/avr/4.3.3/avr5/libgcc.a(_mulsi3.o)
                              obj/Debug/HardwareSerial.o (__mulsi3)
/usr/lib/gcc/avr/4.3.3/avr5/libgcc.a(_divmodhi4.o)
                              obj/Debug/HardwareSerial.o (__divmodhi4)
/usr/lib/gcc/avr/4.3.3/avr5/libgcc.a(_udivmodsi4.o)
                              obj/Debug/HardwareSerial.o (__udivmodsi4)
/usr/lib/gcc/avr/4.3.3/avr5/libgcc.a(_divmodsi4.o)
                              obj/Debug/WMath.o (__divmodsi4)
/usr/lib/gcc/avr/4.3.3/avr5/libgcc.a(_exit.o)
                              /usr/lib/gcc/avr/4.3.3/../../../avr/lib/avr5/crtm328p.o (exit)
/usr/lib/gcc/avr/4.3.3/avr5/libgcc.a(_copy_data.o)
                              obj/Debug/HardwareSerial.o (__do_copy_data)
/usr/lib/gcc/avr/4.3.3/avr5/libgcc.a(_clear_bss.o)
                              obj/Debug/HardwareSerial.o (__do_clear_bss)
/usr/lib/gcc/avr/4.3.3/avr5/libgcc.a(_ctors.o)
                              obj/Debug/HardwareSerial.o (__do_global_ctors)
/usr/lib/gcc/avr/4.3.3/avr5/libgcc.a(_fixunssfsi.o)
                              obj/Debug/Print.o (__fixunssfsi)
/usr/lib/gcc/avr/4.3.3/avr5/libgcc.a(_addsub_sf.o)
                              obj/Debug/Print.o (__subsf3)
/usr/lib/gcc/avr/4.3.3/avr5/libgcc.a(_mul_sf.o)
                              obj/Debug/Print.o (__mulsf3)
/usr/lib/gcc/avr/4.3.3/avr5/libgcc.a(_div_sf.o)
                              obj/Debug/Print.o (__divsf3)
/usr/lib/gcc/avr/4.3.3/avr5/libgcc.a(_ge_sf.o)
                              /usr/lib/gcc/avr/4.3.3/avr5/libgcc.a(_fixunssfsi.o) (__gesf2)
/usr/lib/gcc/avr/4.3.3/avr5/libgcc.a(_lt_sf.o)
                              obj/Debug/Print.o (__ltsf2)
/usr/lib/gcc/avr/4.3.3/avr5/libgcc.a(_si_to_sf.o)
                              obj/Debug/Print.o (__floatsisf)
/usr/lib/gcc/avr/4.3.3/avr5/libgcc.a(_sf_to_si.o)
                              obj/Debug/Print.o (__fixsfsi)
/usr/lib/gcc/avr/4.3.3/avr5/libgcc.a(_thenan_sf.o)
                              /usr/lib/gcc/avr/4.3.3/avr5/libgcc.a(_addsub_sf.o) (__thenan_sf)
/usr/lib/gcc/avr/4.3.3/avr5/libgcc.a(_usi_to_sf.o)
                              obj/Debug/Print.o (__floatunsisf)
/usr/lib/gcc/avr/4.3.3/avr5/libgcc.a(_udivmodhi4.o)
                              /usr/lib/gcc/avr/4.3.3/avr5/libgcc.a(_divmodhi4.o) (__udivmodhi4)
/usr/lib/gcc/avr/4.3.3/avr5/libgcc.a(_prologue.o)
                              /usr/lib/gcc/avr/4.3.3/avr5/libgcc.a(_addsub_sf.o) (__prologue_saves__)
/usr/lib/gcc/avr/4.3.3/avr5/libgcc.a(_epilogue.o)
                              /usr/lib/gcc/avr/4.3.3/avr5/libgcc.a(_addsub_sf.o) (__epilogue_restores__)
/usr/lib/gcc/avr/4.3.3/avr5/libgcc.a(_tablejump.o)
                              /usr/lib/gcc/avr/4.3.3/avr5/libgcc.a(_ctors.o) (__tablejump__)
/usr/lib/gcc/avr/4.3.3/avr5/libgcc.a(_clzsi2.o)
                              /usr/lib/gcc/avr/4.3.3/avr5/libgcc.a(_si_to_sf.o) (__clzsi2)
/usr/lib/gcc/avr/4.3.3/avr5/libgcc.a(_pack_sf.o)
                              /usr/lib/gcc/avr/4.3.3/avr5/libgcc.a(_addsub_sf.o) (__pack_f)
/usr/lib/gcc/avr/4.3.3/avr5/libgcc.a(_unpack_sf.o)
                              /usr/lib/gcc/avr/4.3.3/avr5/libgcc.a(_addsub_sf.o) (__unpack_f)
/usr/lib/gcc/avr/4.3.3/avr5/libgcc.a(_fpcmp_parts_sf.o)
                              /usr/lib/gcc/avr/4.3.3/avr5/libgcc.a(_ge_sf.o) (__fpcmp_parts_f)
/usr/lib/gcc/avr/4.3.3/avr5/libgcc.a(_clz.o)
                              /usr/lib/gcc/avr/4.3.3/avr5/libgcc.a(_clzsi2.o) (__clz_tab)
/usr/lib/gcc/avr/4.3.3/../../../avr/lib/avr5/libc.a(random.o)
                              obj/Debug/WMath.o (random)

Memory Configuration

Name             Origin             Length             Attributes
text             0x00000000         0x00020000         xr
data             0x00800060         0x0000ffa0         rw !x
eeprom           0x00810000         0x00010000         rw !x
fuse             0x00820000         0x00000400         rw !x
lock             0x00830000         0x00000400         rw !x
signature        0x00840000         0x00000400         rw !x
*default*        0x00000000         0xffffffff

Linker script and memory map

Address of section .data set to 0x800100
LOAD /usr/lib/gcc/avr/4.3.3/../../../avr/lib/avr5/crtm328p.o
LOAD obj/Debug/HardwareSerial.o
LOAD obj/Debug/Print.o
LOAD obj/Debug/WInterrupts.o
LOAD obj/Debug/WMath.o
LOAD obj/Debug/main.o
LOAD obj/Debug/pins_arduino.o
LOAD obj/Debug/wiring.o
LOAD obj/Debug/wiring_analog.o
LOAD obj/Debug/wiring_digital.o
LOAD obj/Debug/wiring_pulse.o
LOAD obj/Debug/wiring_shift.o
LOAD /usr/lib/gcc/avr/4.3.3/avr5/libgcc.a
LOAD /usr/lib/gcc/avr/4.3.3/../../../avr/lib/avr5/libm.a
LOAD /usr/lib/gcc/avr/4.3.3/avr5/libgcc.a
LOAD /usr/lib/gcc/avr/4.3.3/../../../avr/lib/avr5/libc.a
LOAD /usr/lib/gcc/avr/4.3.3/avr5/libgcc.a

.hash
 *(.hash)

.dynsym
 *(.dynsym)

.dynstr
 *(.dynstr)

.gnu.version
 *(.gnu.version)

.gnu.version_d
 *(.gnu.version_d)

.gnu.version_r
 *(.gnu.version_r)

.rel.init
 *(.rel.init)

.rela.init
 *(.rela.init)

.rel.text
 *(.rel.text)
 *(.rel.text.*)
 *(.rel.gnu.linkonce.t*)

.rela.text
 *(.rela.text)
 *(.rela.text.*)
 *(.rela.gnu.linkonce.t*)

.rel.fini
 *(.rel.fini)

.rela.fini
 *(.rela.fini)

.rel.rodata
 *(.rel.rodata)
 *(.rel.rodata.*)
 *(.rel.gnu.linkonce.r*)

.rela.rodata
 *(.rela.rodata)
 *(.rela.rodata.*)
 *(.rela.gnu.linkonce.r*)

.rel.data
 *(.rel.data)
 *(.rel.data.*)
 *(.rel.gnu.linkonce.d*)

.rela.data
 *(.rela.data)
 *(.rela.data.*)
 *(.rela.gnu.linkonce.d*)

.rel.ctors
 *(.rel.ctors)

.rela.ctors
 *(.rela.ctors)

.rel.dtors
 *(.rel.dtors)

.rela.dtors
 *(.rela.dtors)

.rel.got
 *(.rel.got)

.rela.got
 *(.rela.got)

.rel.bss
 *(.rel.bss)

.rela.bss
 *(.rela.bss)

.rel.plt
 *(.rel.plt)

.rela.plt
 *(.rela.plt)

.text           0x00000000     0x36c8
 *(.vectors)
 .vectors       0x00000000       0x68 /usr/lib/gcc/avr/4.3.3/../../../avr/lib/avr5/crtm328p.o
                0x00000000                __vectors
                0x00000000                __vector_default
 *(.vectors)
 *(.progmem.gcc*)
 *(.progmem*)
 .progmem.data  0x00000068       0x5a obj/Debug/pins_arduino.o
                0x00000068                port_to_mode_PGM
                0x00000086                digital_pin_to_port_PGM
                0x0000009a                digital_pin_to_bit_mask_PGM
                0x00000072                port_to_output_PGM
                0x0000007c                port_to_input_PGM
                0x000000ae                digital_pin_to_timer_PGM
                0x000000c2                . = ALIGN (0x2)
                0x000000c2                __trampolines_start = .
 *(.trampolines)
 .trampolines   0x000000c2        0x0 linker stubs
 *(.trampolines*)
                0x000000c2                __trampolines_end = .
 *(.jumptables)
 *(.jumptables*)
 *(.lowtext)
 *(.lowtext*)
                0x000000c2                __ctors_start = .
 *(.ctors)
 .ctors         0x000000c2        0x2 obj/Debug/HardwareSerial.o
                0x000000c4                __ctors_end = .
                0x000000c4                __dtors_start = .
 *(.dtors)
                0x000000c4                __dtors_end = .
 SORT(*)(.ctors)
 SORT(*)(.dtors)
 *(.init0)
 .init0         0x000000c4        0x0 /usr/lib/gcc/avr/4.3.3/../../../avr/lib/avr5/crtm328p.o
                0x000000c4                __init
 *(.init0)
 *(.init1)
 *(.init1)
 *(.init2)
 .init2         0x000000c4        0xc /usr/lib/gcc/avr/4.3.3/../../../avr/lib/avr5/crtm328p.o
 *(.init2)
 *(.init3)
 *(.init3)
 *(.init4)
 .init4         0x000000d0       0x16 /usr/lib/gcc/avr/4.3.3/avr5/libgcc.a(_copy_data.o)
                0x000000d0                __do_copy_data
 .init4         0x000000e6       0x10 /usr/lib/gcc/avr/4.3.3/avr5/libgcc.a(_clear_bss.o)
                0x000000e6                __do_clear_bss
 *(.init4)
 *(.init5)
 *(.init5)
 *(.init6)
 .init6         0x000000f6       0x16 /usr/lib/gcc/avr/4.3.3/avr5/libgcc.a(_ctors.o)
                0x000000f6                __do_global_ctors
 *(.init6)
 *(.init7)
 *(.init7)
 *(.init8)
 *(.init8)
 *(.init9)
 .init9         0x0000010c        0x8 /usr/lib/gcc/avr/4.3.3/../../../avr/lib/avr5/crtm328p.o
 *(.init9)
 *(.text)
 .text          0x00000114        0x4 /usr/lib/gcc/avr/4.3.3/../../../avr/lib/avr5/crtm328p.o
                0x00000114                __vector_22
                0x00000114                __vector_24
                0x00000114                __vector_12
                0x00000114                __bad_interrupt
                0x00000114                __vector_6
                0x00000114                __vector_3
                0x00000114                __vector_23
                0x00000114                __vector_25
                0x00000114                __vector_11
                0x00000114                __vector_13
                0x00000114                __vector_17
                0x00000114                __vector_19
                0x00000114                __vector_7
                0x00000114                __vector_5
                0x00000114                __vector_4
                0x00000114                __vector_9
                0x00000114                __vector_21
                0x00000114                __vector_15
                0x00000114                __vector_8
                0x00000114                __vector_14
                0x00000114                __vector_10
                0x00000114                __vector_20
 .text          0x00000118      0xaa0 obj/Debug/HardwareSerial.o
                0x0000093a                HardwareSerial::available()
                0x00000a8a                HardwareSerial::write(unsigned char)
                0x00000400                HardwareSerial::begin(long)
                0x00000a4e                HardwareSerial::flush()
                0x00000316                HardwareSerial::HardwareSerial(ring_buffer*, unsigned char volatile*, unsigned char volatile*, unsigned char volatile*, unsigned char volatile*, unsigned char volatile*, unsigned char, unsigned char, unsigned char, unsigned char, unsigned char)
                0x0000022c                HardwareSerial::HardwareSerial(ring_buffer*, unsigned char volatile*, unsigned char volatile*, unsigned char volatile*, unsigned char volatile*, unsigned char volatile*, unsigned char, unsigned char, unsigned char, unsigned char, unsigned char)
                0x00000208                Print::Print()
                0x0000098e                HardwareSerial::read()
                0x00000118                store_char(unsigned char, ring_buffer*)
                0x000001a0                __vector_18
 .text          0x00000bb8      0x90c obj/Debug/Print.o
                0x00000d2a                Print::println()
                0x00000ff8                Print::print(unsigned int)
                0x0000143a                Print::print(double)
                0x00000dee                Print::printNumber(unsigned long, unsigned char)
                0x00000c10                Print::write(unsigned char const*, unsigned int)
                0x00000fb0                Print::println(unsigned long)
                0x00001126                Print::print(int)
                0x00000d56                Print::println(char)
                0x00000bb8                Print::write(char const*)
                0x00001276                Print::printFloat(double, unsigned char)
                0x00000dbe                Print::println(unsigned char)
                0x00000c8a                Print::print(unsigned char)
                0x00000f6e                Print::print(unsigned long)
                0x00000d86                Print::println(char const*)
                0x00000cc0                Print::print(char)
                0x00001162                Print::println(int)
                0x0000147c                Print::println(double)
                0x000010de                Print::println(long)
                0x00000cea                Print::print(char const*)
                0x00001068                Print::print(long)
                0x0000121e                Print::println(long, int)
                0x0000119a                Print::print(long, int)
                0x00001030                Print::println(unsigned int)
 .text          0x000014c4      0x1fa obj/Debug/WInterrupts.o
                0x000015f2                __vector_1
                0x000014c4                attachInterrupt
                0x00001582                detachInterrupt
                0x00001658                __vector_2
 .text          0x000016be      0x2aa obj/Debug/WMath.o
                0x000017bc                makeWord(unsigned char, unsigned char)
                0x00001860                random(long, long)
                0x00001936                randomSeed(unsigned int)
                0x000016be                map(long, long, long, long, long)
                0x000017a0                makeWord(unsigned int)
                0x000017e8                random(long)
 .text          0x00001968       0xba obj/Debug/main.o
                0x00001974                loop
                0x00001968                __cxa_pure_virtual
                0x00001a0c                main
                0x000019e6                setup
 .text          0x00001a22        0x0 obj/Debug/pins_arduino.o
 .text          0x00001a22      0x3a8 obj/Debug/wiring.o
                0x00001cf0                init
                0x00001b56                micros
                0x00001c22                delay
                0x00001a22                __vector_16
                0x00001b02                millis
                0x00001c8a                delayMicroseconds
 .text          0x00001dca      0x254 obj/Debug/wiring_analog.o
                0x00001e6a                analogWrite
                0x00001dca                analogReference
                0x00001de4                analogRead
 .text          0x0000201e      0x364 obj/Debug/wiring_digital.o
                0x00002236                digitalRead
                0x000020da                digitalWrite
                0x0000201e                pinMode
 .text          0x00002382      0x260 obj/Debug/wiring_pulse.o
                0x00002382                pulseIn
 .text          0x000025e2       0xa8 obj/Debug/wiring_shift.o
                0x000025e2                shiftOut
 .text          0x0000268a        0x0 /usr/lib/gcc/avr/4.3.3/avr5/libgcc.a(_mulsi3.o)
 .text          0x0000268a        0x0 /usr/lib/gcc/avr/4.3.3/avr5/libgcc.a(_divmodhi4.o)
 .text          0x0000268a        0x0 /usr/lib/gcc/avr/4.3.3/avr5/libgcc.a(_udivmodsi4.o)
 .text          0x0000268a        0x0 /usr/lib/gcc/avr/4.3.3/avr5/libgcc.a(_divmodsi4.o)
 .text          0x0000268a        0x0 /usr/lib/gcc/avr/4.3.3/avr5/libgcc.a(_exit.o)
 .text          0x0000268a        0x0 /usr/lib/gcc/avr/4.3.3/avr5/libgcc.a(_copy_data.o)
 .text          0x0000268a        0x0 /usr/lib/gcc/avr/4.3.3/avr5/libgcc.a(_clear_bss.o)
 .text          0x0000268a        0x0 /usr/lib/gcc/avr/4.3.3/avr5/libgcc.a(_ctors.o)
 .text          0x0000268a       0x58 /usr/lib/gcc/avr/4.3.3/avr5/libgcc.a(_fixunssfsi.o)
                0x0000268a                __fixunssfsi
 .text          0x000026e2      0x354 /usr/lib/gcc/avr/4.3.3/avr5/libgcc.a(_addsub_sf.o)
                0x0000297a                __subsf3
                0x000029dc                __addsf3
 .text          0x00002a36      0x1f4 /usr/lib/gcc/avr/4.3.3/avr5/libgcc.a(_mul_sf.o)
                0x00002a36                __mulsf3
 .text          0x00002c2a      0x158 /usr/lib/gcc/avr/4.3.3/avr5/libgcc.a(_div_sf.o)
                0x00002c2a                __divsf3
 .text          0x00002d82       0x60 /usr/lib/gcc/avr/4.3.3/avr5/libgcc.a(_ge_sf.o)
                0x00002d82                __gesf2
 .text          0x00002de2       0x60 /usr/lib/gcc/avr/4.3.3/avr5/libgcc.a(_lt_sf.o)
                0x00002de2                __ltsf2
 .text          0x00002e42       0xbc /usr/lib/gcc/avr/4.3.3/avr5/libgcc.a(_si_to_sf.o)
                0x00002e42                __floatsisf
 .text          0x00002efe       0xa8 /usr/lib/gcc/avr/4.3.3/avr5/libgcc.a(_sf_to_si.o)
                0x00002efe                __fixsfsi
 .text          0x00002fa6        0x0 /usr/lib/gcc/avr/4.3.3/avr5/libgcc.a(_thenan_sf.o)
 .text          0x00002fa6       0xf2 /usr/lib/gcc/avr/4.3.3/avr5/libgcc.a(_usi_to_sf.o)
                0x00002fa6                __floatunsisf
 .text          0x00003098        0x0 /usr/lib/gcc/avr/4.3.3/avr5/libgcc.a(_udivmodhi4.o)
 .text          0x00003098        0x0 /usr/lib/gcc/avr/4.3.3/avr5/libgcc.a(_prologue.o)
 .text          0x00003098        0x0 /usr/lib/gcc/avr/4.3.3/avr5/libgcc.a(_epilogue.o)
 .text          0x00003098        0x0 /usr/lib/gcc/avr/4.3.3/avr5/libgcc.a(_tablejump.o)
 .text          0x00003098       0x9e /usr/lib/gcc/avr/4.3.3/avr5/libgcc.a(_clzsi2.o)
                0x00003098                __clzsi2
 .text          0x00003136      0x1aa /usr/lib/gcc/avr/4.3.3/avr5/libgcc.a(_pack_sf.o)
                0x00003136                __pack_f
 .text          0x000032e0       0xf0 /usr/lib/gcc/avr/4.3.3/avr5/libgcc.a(_unpack_sf.o)
                0x000032e0                __unpack_f
 .text          0x000033d0       0xb2 /usr/lib/gcc/avr/4.3.3/avr5/libgcc.a(_fpcmp_parts_sf.o)
                0x000033d0                __fpcmp_parts_f
 .text          0x00003482        0x0 /usr/lib/gcc/avr/4.3.3/avr5/libgcc.a(_clz.o)
 .text          0x00003482       0xc2 /usr/lib/gcc/avr/4.3.3/../../../avr/lib/avr5/libc.a(random.o)
                0x00003528                random
                0x00003522                random_r
                0x00003532                srandom
                0x00003544                . = ALIGN (0x2)
 *(.text.*)
 .text.libgcc   0x00003544       0x3e /usr/lib/gcc/avr/4.3.3/avr5/libgcc.a(_mulsi3.o)
                0x00003544                __mulsi3
 .text.libgcc   0x00003582       0x26 /usr/lib/gcc/avr/4.3.3/avr5/libgcc.a(_divmodhi4.o)
                0x00003582                __divmodhi4
                0x00003582                _div
 .text.libgcc   0x000035a8       0x44 /usr/lib/gcc/avr/4.3.3/avr5/libgcc.a(_udivmodsi4.o)
                0x000035a8                __udivmodsi4
 .text.libgcc   0x000035ec       0x36 /usr/lib/gcc/avr/4.3.3/avr5/libgcc.a(_divmodsi4.o)
                0x000035ec                __divmodsi4
 .text.libgcc   0x00003622        0x0 /usr/lib/gcc/avr/4.3.3/avr5/libgcc.a(_exit.o)
 .text.libgcc   0x00003622        0x0 /usr/lib/gcc/avr/4.3.3/avr5/libgcc.a(_copy_data.o)
 .text.libgcc   0x00003622        0x0 /usr/lib/gcc/avr/4.3.3/avr5/libgcc.a(_clear_bss.o)
 .text.libgcc   0x00003622        0x0 /usr/lib/gcc/avr/4.3.3/avr5/libgcc.a(_ctors.o)
 .text.libgcc   0x00003622       0x28 /usr/lib/gcc/avr/4.3.3/avr5/libgcc.a(_udivmodhi4.o)
                0x00003622                __udivmodhi4
 .text.libgcc   0x0000364a       0x38 /usr/lib/gcc/avr/4.3.3/avr5/libgcc.a(_prologue.o)
                0x0000364a                __prologue_saves__
 .text.libgcc   0x00003682       0x36 /usr/lib/gcc/avr/4.3.3/avr5/libgcc.a(_epilogue.o)
                0x00003682                __epilogue_restores__
 .text.libgcc   0x000036b8        0xc /usr/lib/gcc/avr/4.3.3/avr5/libgcc.a(_tablejump.o)
                0x000036bc                __tablejump__
                0x000036b8                __tablejump2__
                0x000036c4                . = ALIGN (0x2)
 *(.fini9)
 .fini9         0x000036c4        0x0 /usr/lib/gcc/avr/4.3.3/avr5/libgcc.a(_exit.o)
                0x000036c4                exit
                0x000036c4                _exit
 *(.fini9)
 *(.fini8)
 *(.fini8)
 *(.fini7)
 *(.fini7)
 *(.fini6)
 *(.fini6)
 *(.fini5)
 *(.fini5)
 *(.fini4)
 *(.fini4)
 *(.fini3)
 *(.fini3)
 *(.fini2)
 *(.fini2)
 *(.fini1)
 *(.fini1)
 *(.fini0)
 .fini0         0x000036c4        0x4 /usr/lib/gcc/avr/4.3.3/avr5/libgcc.a(_exit.o)
 *(.fini0)
                0x000036c8                _etext = .

.data           0x00800100      0x124 load address 0x000036c8
                0x00800100                PROVIDE (__data_start, .)
 *(.data)
 .data          0x00800100        0x0 /usr/lib/gcc/avr/4.3.3/../../../avr/lib/avr5/crtm328p.o
 .data          0x00800100        0xa obj/Debug/HardwareSerial.o
                0x00800100                vtable for HardwareSerial
 .data          0x0080010a        0xc obj/Debug/Print.o
                0x0080010c                vtable for Print
 .data          0x00800116        0x0 obj/Debug/WInterrupts.o
 .data          0x00800116        0x0 obj/Debug/WMath.o
 .data          0x00800116        0x0 obj/Debug/main.o
 .data          0x00800116        0x0 obj/Debug/pins_arduino.o
 .data          0x00800116        0x0 obj/Debug/wiring.o
 .data          0x00800116        0x1 obj/Debug/wiring_analog.o
                0x00800116                analog_reference
 .data          0x00800117        0x0 obj/Debug/wiring_digital.o
 .data          0x00800117        0x0 obj/Debug/wiring_pulse.o
 .data          0x00800117        0x0 obj/Debug/wiring_shift.o
 .data          0x00800117        0x0 /usr/lib/gcc/avr/4.3.3/avr5/libgcc.a(_mulsi3.o)
 .data          0x00800117        0x0 /usr/lib/gcc/avr/4.3.3/avr5/libgcc.a(_divmodhi4.o)
 .data          0x00800117        0x0 /usr/lib/gcc/avr/4.3.3/avr5/libgcc.a(_udivmodsi4.o)
 .data          0x00800117        0x0 /usr/lib/gcc/avr/4.3.3/avr5/libgcc.a(_divmodsi4.o)
 .data          0x00800117        0x0 /usr/lib/gcc/avr/4.3.3/avr5/libgcc.a(_exit.o)
 .data          0x00800117        0x0 /usr/lib/gcc/avr/4.3.3/avr5/libgcc.a(_copy_data.o)
 .data          0x00800117        0x0 /usr/lib/gcc/avr/4.3.3/avr5/libgcc.a(_clear_bss.o)
 .data          0x00800117        0x0 /usr/lib/gcc/avr/4.3.3/avr5/libgcc.a(_ctors.o)
 .data          0x00800117        0x0 /usr/lib/gcc/avr/4.3.3/avr5/libgcc.a(_fixunssfsi.o)
 .data          0x00800117        0x0 /usr/lib/gcc/avr/4.3.3/avr5/libgcc.a(_addsub_sf.o)
 .data          0x00800117        0x0 /usr/lib/gcc/avr/4.3.3/avr5/libgcc.a(_mul_sf.o)
 .data          0x00800117        0x0 /usr/lib/gcc/avr/4.3.3/avr5/libgcc.a(_div_sf.o)
 .data          0x00800117        0x0 /usr/lib/gcc/avr/4.3.3/avr5/libgcc.a(_ge_sf.o)
 .data          0x00800117        0x0 /usr/lib/gcc/avr/4.3.3/avr5/libgcc.a(_lt_sf.o)
 .data          0x00800117        0x0 /usr/lib/gcc/avr/4.3.3/avr5/libgcc.a(_si_to_sf.o)
 .data          0x00800117        0x0 /usr/lib/gcc/avr/4.3.3/avr5/libgcc.a(_sf_to_si.o)
 .data          0x00800117        0x8 /usr/lib/gcc/avr/4.3.3/avr5/libgcc.a(_thenan_sf.o)
                0x00800117                __thenan_sf
 .data          0x0080011f        0x0 /usr/lib/gcc/avr/4.3.3/avr5/libgcc.a(_usi_to_sf.o)
 .data          0x0080011f        0x0 /usr/lib/gcc/avr/4.3.3/avr5/libgcc.a(_udivmodhi4.o)
 .data          0x0080011f        0x0 /usr/lib/gcc/avr/4.3.3/avr5/libgcc.a(_prologue.o)
 .data          0x0080011f        0x0 /usr/lib/gcc/avr/4.3.3/avr5/libgcc.a(_epilogue.o)
 .data          0x0080011f        0x0 /usr/lib/gcc/avr/4.3.3/avr5/libgcc.a(_tablejump.o)
 .data          0x0080011f        0x0 /usr/lib/gcc/avr/4.3.3/avr5/libgcc.a(_clzsi2.o)
 .data          0x0080011f        0x0 /usr/lib/gcc/avr/4.3.3/avr5/libgcc.a(_pack_sf.o)
 .data          0x0080011f        0x0 /usr/lib/gcc/avr/4.3.3/avr5/libgcc.a(_unpack_sf.o)
 .data          0x0080011f        0x0 /usr/lib/gcc/avr/4.3.3/avr5/libgcc.a(_fpcmp_parts_sf.o)
 .data          0x0080011f      0x100 /usr/lib/gcc/avr/4.3.3/avr5/libgcc.a(_clz.o)
                0x0080011f                __clz_tab
 .data          0x0080021f        0x4 /usr/lib/gcc/avr/4.3.3/../../../avr/lib/avr5/libc.a(random.o)
 *(.data*)
 *(.rodata)
 *(.rodata*)
 *(.gnu.linkonce.d*)
                0x00800224                . = ALIGN (0x2)
 *fill*         0x00800223        0x1 00
                0x00800224                _edata = .
                0x00800224                PROVIDE (__data_end, .)

.bss            0x00800224       0xa7 load address 0x000037ec
                0x00800224                PROVIDE (__bss_start, .)
 *(.bss)
 .bss           0x00800224        0x0 /usr/lib/gcc/avr/4.3.3/../../../avr/lib/avr5/crtm328p.o
 .bss           0x00800224       0x97 obj/Debug/HardwareSerial.o
                0x00800224                rx_buffer
                0x008002a8                Serial
 .bss           0x008002bb        0x0 obj/Debug/Print.o
 .bss           0x008002bb        0x4 obj/Debug/WInterrupts.o
 .bss           0x008002bf        0x0 obj/Debug/WMath.o
 .bss           0x008002bf        0x3 obj/Debug/main.o
                0x008002bf                x
                0x008002c1                z
                0x008002c0                y
 .bss           0x008002c2        0x0 obj/Debug/pins_arduino.o
 .bss           0x008002c2        0x9 obj/Debug/wiring.o
                0x008002c2                timer0_overflow_count
                0x008002c6                timer0_millis
 .bss           0x008002cb        0x0 obj/Debug/wiring_analog.o
 .bss           0x008002cb        0x0 obj/Debug/wiring_digital.o
 .bss           0x008002cb        0x0 obj/Debug/wiring_pulse.o
 .bss           0x008002cb        0x0 obj/Debug/wiring_shift.o
 .bss           0x008002cb        0x0 /usr/lib/gcc/avr/4.3.3/avr5/libgcc.a(_mulsi3.o)
 .bss           0x008002cb        0x0 /usr/lib/gcc/avr/4.3.3/avr5/libgcc.a(_divmodhi4.o)
 .bss           0x008002cb        0x0 /usr/lib/gcc/avr/4.3.3/avr5/libgcc.a(_udivmodsi4.o)
 .bss           0x008002cb        0x0 /usr/lib/gcc/avr/4.3.3/avr5/libgcc.a(_divmodsi4.o)
 .bss           0x008002cb        0x0 /usr/lib/gcc/avr/4.3.3/avr5/libgcc.a(_exit.o)
 .bss           0x008002cb        0x0 /usr/lib/gcc/avr/4.3.3/avr5/libgcc.a(_copy_data.o)
 .bss           0x008002cb        0x0 /usr/lib/gcc/avr/4.3.3/avr5/libgcc.a(_clear_bss.o)
 .bss           0x008002cb        0x0 /usr/lib/gcc/avr/4.3.3/avr5/libgcc.a(_ctors.o)
 .bss           0x008002cb        0x0 /usr/lib/gcc/avr/4.3.3/avr5/libgcc.a(_fixunssfsi.o)
 .bss           0x008002cb        0x0 /usr/lib/gcc/avr/4.3.3/avr5/libgcc.a(_addsub_sf.o)
 .bss           0x008002cb        0x0 /usr/lib/gcc/avr/4.3.3/avr5/libgcc.a(_mul_sf.o)
 .bss           0x008002cb        0x0 /usr/lib/gcc/avr/4.3.3/avr5/libgcc.a(_div_sf.o)
 .bss           0x008002cb        0x0 /usr/lib/gcc/avr/4.3.3/avr5/libgcc.a(_ge_sf.o)
 .bss           0x008002cb        0x0 /usr/lib/gcc/avr/4.3.3/avr5/libgcc.a(_lt_sf.o)
 .bss           0x008002cb        0x0 /usr/lib/gcc/avr/4.3.3/avr5/libgcc.a(_si_to_sf.o)
 .bss           0x008002cb        0x0 /usr/lib/gcc/avr/4.3.3/avr5/libgcc.a(_sf_to_si.o)
 .bss           0x008002cb        0x0 /usr/lib/gcc/avr/4.3.3/avr5/libgcc.a(_thenan_sf.o)
 .bss           0x008002cb        0x0 /usr/lib/gcc/avr/4.3.3/avr5/libgcc.a(_usi_to_sf.o)
 .bss           0x008002cb        0x0 /usr/lib/gcc/avr/4.3.3/avr5/libgcc.a(_udivmodhi4.o)
 .bss           0x008002cb        0x0 /usr/lib/gcc/avr/4.3.3/avr5/libgcc.a(_prologue.o)
 .bss           0x008002cb        0x0 /usr/lib/gcc/avr/4.3.3/avr5/libgcc.a(_epilogue.o)
 .bss           0x008002cb        0x0 /usr/lib/gcc/avr/4.3.3/avr5/libgcc.a(_tablejump.o)
 .bss           0x008002cb        0x0 /usr/lib/gcc/avr/4.3.3/avr5/libgcc.a(_clzsi2.o)
 .bss           0x008002cb        0x0 /usr/lib/gcc/avr/4.3.3/avr5/libgcc.a(_pack_sf.o)
 .bss           0x008002cb        0x0 /usr/lib/gcc/avr/4.3.3/avr5/libgcc.a(_unpack_sf.o)
 .bss           0x008002cb        0x0 /usr/lib/gcc/avr/4.3.3/avr5/libgcc.a(_fpcmp_parts_sf.o)
 .bss           0x008002cb        0x0 /usr/lib/gcc/avr/4.3.3/avr5/libgcc.a(_clz.o)
 .bss           0x008002cb        0x0 /usr/lib/gcc/avr/4.3.3/../../../avr/lib/avr5/libc.a(random.o)
 *(.bss*)
 *(COMMON)
                0x008002cb                PROVIDE (__bss_end, .)
                0x000036c8                __data_load_start = LOADADDR (.data)
                0x000037ec                __data_load_end = (__data_load_start + SIZEOF (.data))

.noinit         0x008002cb        0x0
                0x008002cb                PROVIDE (__noinit_start, .)
 *(.noinit*)
                0x008002cb                PROVIDE (__noinit_end, .)
                0x008002cb                _end = .
                0x008002cb                PROVIDE (__heap_start, .)

.eeprom         0x00810000        0x0
 *(.eeprom*)
                0x00810000                __eeprom_end = .

.fuse
 *(.fuse)
 *(.lfuse)
 *(.hfuse)
 *(.efuse)

.lock
 *(.lock*)

.signature
 *(.signature*)

.stab           0x00000000     0x50dc
 *(.stab)
 .stab          0x00000000      0x6b4 /usr/lib/gcc/avr/4.3.3/../../../avr/lib/avr5/crtm328p.o
 .stab          0x000006b4      0xc00 obj/Debug/HardwareSerial.o
                                0xc0c (size before relaxing)
 .stab          0x000012b4      0xff0 obj/Debug/Print.o
                                0xffc (size before relaxing)
 .stab          0x000022a4      0x660 obj/Debug/WInterrupts.o
                                0x66c (size before relaxing)
 .stab          0x00002904      0x498 obj/Debug/WMath.o
                                0x4a4 (size before relaxing)
 .stab          0x00002d9c      0x558 obj/Debug/main.o
                                0x564 (size before relaxing)
 .stab          0x000032f4      0x1d4 obj/Debug/pins_arduino.o
                                0x4b0 (size before relaxing)
 .stab          0x000034c8      0x66c obj/Debug/wiring.o
                                0x8c4 (size before relaxing)
 .stab          0x00003b34      0x564 obj/Debug/wiring_analog.o
                                0x858 (size before relaxing)
 .stab          0x00004098      0x6e4 obj/Debug/wiring_digital.o
                                0x9d8 (size before relaxing)
 .stab          0x0000477c      0x3e4 obj/Debug/wiring_pulse.o
                                0x6d8 (size before relaxing)
 .stab          0x00004b60      0x24c obj/Debug/wiring_shift.o
                                0x4a4 (size before relaxing)
 .stab          0x00004dac      0x330 /usr/lib/gcc/avr/4.3.3/../../../avr/lib/avr5/libc.a(random.o)
                                0x33c (size before relaxing)

.stabstr        0x00000000     0x33fe
 *(.stabstr)
 .stabstr       0x00000000     0x33fe /usr/lib/gcc/avr/4.3.3/../../../avr/lib/avr5/crtm328p.o

.stab.excl
 *(.stab.excl)

.stab.exclstr
 *(.stab.exclstr)

.stab.index
 *(.stab.index)

.stab.indexstr
 *(.stab.indexstr)

.comment
 *(.comment)

.debug
 *(.debug)

.line
 *(.line)

.debug_srcinfo
 *(.debug_srcinfo)

.debug_sfnames
 *(.debug_sfnames)

.debug_aranges
 *(.debug_aranges)

.debug_pubnames
 *(.debug_pubnames)

.debug_info
 *(.debug_info)
 *(.gnu.linkonce.wi.*)

.debug_abbrev
 *(.debug_abbrev)

.debug_line
 *(.debug_line)

.debug_frame
 *(.debug_frame)

.debug_str
 *(.debug_str)

.debug_loc
 *(.debug_loc)

.debug_macinfo
 *(.debug_macinfo)
OUTPUT(bin/Debug/test.elf elf32-avr)
LOAD linker stubs

Cross Reference Table

Symbol                                            File
HardwareSerial::HardwareSerial(ring_buffer*, unsigned char volatile*, unsigned char volatile*, unsigned char volatile*, unsigned char volatile*, unsigned char volatile*, unsigned char, unsigned char, unsigned char, unsigned char, unsigned char) obj/Debug/HardwareSerial.o
HardwareSerial::HardwareSerial(ring_buffer*, unsigned char volatile*, unsigned char volatile*, unsigned char volatile*, unsigned char volatile*, unsigned char volatile*, unsigned char, unsigned char, unsigned char, unsigned char, unsigned char) obj/Debug/HardwareSerial.o
HardwareSerial::available()                       obj/Debug/HardwareSerial.o
                                                  obj/Debug/main.o
HardwareSerial::begin(long)                       obj/Debug/HardwareSerial.o
                                                  obj/Debug/main.o
HardwareSerial::flush()                           obj/Debug/HardwareSerial.o
HardwareSerial::read()                            obj/Debug/HardwareSerial.o
                                                  obj/Debug/main.o
HardwareSerial::write(unsigned char)              obj/Debug/HardwareSerial.o
Print::Print()                                    obj/Debug/HardwareSerial.o
Print::print(char const*)                         obj/Debug/Print.o
Print::print(char)                                obj/Debug/Print.o
Print::print(double)                              obj/Debug/Print.o
Print::print(int)                                 obj/Debug/Print.o
Print::print(long)                                obj/Debug/Print.o
Print::print(long, int)                           obj/Debug/Print.o
Print::print(unsigned char)                       obj/Debug/Print.o
Print::print(unsigned int)                        obj/Debug/Print.o
Print::print(unsigned long)                       obj/Debug/Print.o
Print::printFloat(double, unsigned char)          obj/Debug/Print.o
Print::printNumber(unsigned long, unsigned char)  obj/Debug/Print.o
Print::println()                                  obj/Debug/Print.o
Print::println(char const*)                       obj/Debug/Print.o
Print::println(char)                              obj/Debug/Print.o
Print::println(double)                            obj/Debug/Print.o
Print::println(int)                               obj/Debug/Print.o
Print::println(long)                              obj/Debug/Print.o
Print::println(long, int)                         obj/Debug/Print.o
Print::println(unsigned char)                     obj/Debug/Print.o
Print::println(unsigned int)                      obj/Debug/Print.o
Print::println(unsigned long)                     obj/Debug/Print.o
Print::write(char const*)                         obj/Debug/Print.o
                                                  obj/Debug/HardwareSerial.o
Print::write(unsigned char const*, unsigned int)  obj/Debug/Print.o
                                                  obj/Debug/HardwareSerial.o
Serial                                            obj/Debug/HardwareSerial.o
                                                  obj/Debug/main.o
__addsf3                                          /usr/lib/gcc/avr/4.3.3/avr5/libgcc.a(_addsub_sf.o)
                                                  obj/Debug/Print.o
__bad_interrupt                                   /usr/lib/gcc/avr/4.3.3/../../../avr/lib/avr5/crtm328p.o
__bss_end                                         /usr/lib/gcc/avr/4.3.3/avr5/libgcc.a(_clear_bss.o)
__bss_start                                       /usr/lib/gcc/avr/4.3.3/avr5/libgcc.a(_clear_bss.o)
__clz_tab                                         /usr/lib/gcc/avr/4.3.3/avr5/libgcc.a(_clz.o)
                                                  /usr/lib/gcc/avr/4.3.3/avr5/libgcc.a(_clzsi2.o)
__clzsi2                                          /usr/lib/gcc/avr/4.3.3/avr5/libgcc.a(_clzsi2.o)
                                                  /usr/lib/gcc/avr/4.3.3/avr5/libgcc.a(_usi_to_sf.o)
                                                  /usr/lib/gcc/avr/4.3.3/avr5/libgcc.a(_si_to_sf.o)
__ctors_end                                       /usr/lib/gcc/avr/4.3.3/avr5/libgcc.a(_ctors.o)
__ctors_start                                     /usr/lib/gcc/avr/4.3.3/avr5/libgcc.a(_ctors.o)
__cxa_pure_virtual                                obj/Debug/main.o
                                                  obj/Debug/Print.o
__data_end                                        /usr/lib/gcc/avr/4.3.3/avr5/libgcc.a(_copy_data.o)
__data_load_start                                 /usr/lib/gcc/avr/4.3.3/avr5/libgcc.a(_copy_data.o)
__data_start                                      /usr/lib/gcc/avr/4.3.3/avr5/libgcc.a(_copy_data.o)
__divmodhi4                                       /usr/lib/gcc/avr/4.3.3/avr5/libgcc.a(_divmodhi4.o)
                                                  obj/Debug/HardwareSerial.o
__divmodsi4                                       /usr/lib/gcc/avr/4.3.3/avr5/libgcc.a(_divmodsi4.o)
                                                  /usr/lib/gcc/avr/4.3.3/../../../avr/lib/avr5/libc.a(random.o)
                                                  obj/Debug/WMath.o
__divsf3                                          /usr/lib/gcc/avr/4.3.3/avr5/libgcc.a(_div_sf.o)
                                                  obj/Debug/Print.o
__do_clear_bss                                    /usr/lib/gcc/avr/4.3.3/avr5/libgcc.a(_clear_bss.o)
                                                  /usr/lib/gcc/avr/4.3.3/../../../avr/lib/avr5/libc.a(random.o)
                                                  /usr/lib/gcc/avr/4.3.3/avr5/libgcc.a(_clz.o)
                                                  /usr/lib/gcc/avr/4.3.3/avr5/libgcc.a(_fpcmp_parts_sf.o)
                                                  /usr/lib/gcc/avr/4.3.3/avr5/libgcc.a(_unpack_sf.o)
                                                  /usr/lib/gcc/avr/4.3.3/avr5/libgcc.a(_pack_sf.o)
                                                  /usr/lib/gcc/avr/4.3.3/avr5/libgcc.a(_clzsi2.o)
                                                  /usr/lib/gcc/avr/4.3.3/avr5/libgcc.a(_usi_to_sf.o)
                                                  /usr/lib/gcc/avr/4.3.3/avr5/libgcc.a(_thenan_sf.o)
                                                  /usr/lib/gcc/avr/4.3.3/avr5/libgcc.a(_sf_to_si.o)
                                                  /usr/lib/gcc/avr/4.3.3/avr5/libgcc.a(_si_to_sf.o)
                                                  /usr/lib/gcc/avr/4.3.3/avr5/libgcc.a(_lt_sf.o)
                                                  /usr/lib/gcc/avr/4.3.3/avr5/libgcc.a(_ge_sf.o)
                                                  /usr/lib/gcc/avr/4.3.3/avr5/libgcc.a(_div_sf.o)
                                                  /usr/lib/gcc/avr/4.3.3/avr5/libgcc.a(_mul_sf.o)
                                                  /usr/lib/gcc/avr/4.3.3/avr5/libgcc.a(_addsub_sf.o)
                                                  /usr/lib/gcc/avr/4.3.3/avr5/libgcc.a(_fixunssfsi.o)
                                                  obj/Debug/wiring_shift.o
                                                  obj/Debug/wiring_pulse.o
                                                  obj/Debug/wiring_digital.o
                                                  obj/Debug/wiring_analog.o
                                                  obj/Debug/wiring.o
                                                  obj/Debug/pins_arduino.o
                                                  obj/Debug/main.o
                                                  obj/Debug/WMath.o
                                                  obj/Debug/WInterrupts.o
                                                  obj/Debug/Print.o
                                                  obj/Debug/HardwareSerial.o
__do_copy_data                                    /usr/lib/gcc/avr/4.3.3/avr5/libgcc.a(_copy_data.o)
                                                  /usr/lib/gcc/avr/4.3.3/../../../avr/lib/avr5/libc.a(random.o)
                                                  /usr/lib/gcc/avr/4.3.3/avr5/libgcc.a(_clz.o)
                                                  /usr/lib/gcc/avr/4.3.3/avr5/libgcc.a(_fpcmp_parts_sf.o)
                                                  /usr/lib/gcc/avr/4.3.3/avr5/libgcc.a(_unpack_sf.o)
                                                  /usr/lib/gcc/avr/4.3.3/avr5/libgcc.a(_pack_sf.o)
                                                  /usr/lib/gcc/avr/4.3.3/avr5/libgcc.a(_clzsi2.o)
                                                  /usr/lib/gcc/avr/4.3.3/avr5/libgcc.a(_usi_to_sf.o)
                                                  /usr/lib/gcc/avr/4.3.3/avr5/libgcc.a(_thenan_sf.o)
                                                  /usr/lib/gcc/avr/4.3.3/avr5/libgcc.a(_sf_to_si.o)
                                                  /usr/lib/gcc/avr/4.3.3/avr5/libgcc.a(_si_to_sf.o)
                                                  /usr/lib/gcc/avr/4.3.3/avr5/libgcc.a(_lt_sf.o)
                                                  /usr/lib/gcc/avr/4.3.3/avr5/libgcc.a(_ge_sf.o)
                                                  /usr/lib/gcc/avr/4.3.3/avr5/libgcc.a(_div_sf.o)
                                                  /usr/lib/gcc/avr/4.3.3/avr5/libgcc.a(_mul_sf.o)
                                                  /usr/lib/gcc/avr/4.3.3/avr5/libgcc.a(_addsub_sf.o)
                                                  /usr/lib/gcc/avr/4.3.3/avr5/libgcc.a(_fixunssfsi.o)
                                                  obj/Debug/wiring_shift.o
                                                  obj/Debug/wiring_pulse.o
                                                  obj/Debug/wiring_digital.o
                                                  obj/Debug/wiring_analog.o
                                                  obj/Debug/wiring.o
                                                  obj/Debug/pins_arduino.o
                                                  obj/Debug/main.o
                                                  obj/Debug/WMath.o
                                                  obj/Debug/WInterrupts.o
                                                  obj/Debug/Print.o
                                                  obj/Debug/HardwareSerial.o
__do_global_ctors                                 /usr/lib/gcc/avr/4.3.3/avr5/libgcc.a(_ctors.o)
                                                  obj/Debug/HardwareSerial.o
__epilogue_restores__                             /usr/lib/gcc/avr/4.3.3/avr5/libgcc.a(_epilogue.o)
                                                  /usr/lib/gcc/avr/4.3.3/../../../avr/lib/avr5/libc.a(random.o)
                                                  /usr/lib/gcc/avr/4.3.3/avr5/libgcc.a(_usi_to_sf.o)
                                                  /usr/lib/gcc/avr/4.3.3/avr5/libgcc.a(_sf_to_si.o)
                                                  /usr/lib/gcc/avr/4.3.3/avr5/libgcc.a(_si_to_sf.o)
                                                  /usr/lib/gcc/avr/4.3.3/avr5/libgcc.a(_lt_sf.o)
                                                  /usr/lib/gcc/avr/4.3.3/avr5/libgcc.a(_ge_sf.o)
                                                  /usr/lib/gcc/avr/4.3.3/avr5/libgcc.a(_div_sf.o)
                                                  /usr/lib/gcc/avr/4.3.3/avr5/libgcc.a(_mul_sf.o)
                                                  /usr/lib/gcc/avr/4.3.3/avr5/libgcc.a(_addsub_sf.o)
__fixsfsi                                         /usr/lib/gcc/avr/4.3.3/avr5/libgcc.a(_sf_to_si.o)
                                                  /usr/lib/gcc/avr/4.3.3/avr5/libgcc.a(_fixunssfsi.o)
                                                  obj/Debug/Print.o
__fixunssfsi                                      /usr/lib/gcc/avr/4.3.3/avr5/libgcc.a(_fixunssfsi.o)
                                                  obj/Debug/Print.o
__floatsisf                                       /usr/lib/gcc/avr/4.3.3/avr5/libgcc.a(_si_to_sf.o)
                                                  obj/Debug/Print.o
__floatunsisf                                     /usr/lib/gcc/avr/4.3.3/avr5/libgcc.a(_usi_to_sf.o)
                                                  obj/Debug/Print.o
__fpcmp_parts_f                                   /usr/lib/gcc/avr/4.3.3/avr5/libgcc.a(_fpcmp_parts_sf.o)
                                                  /usr/lib/gcc/avr/4.3.3/avr5/libgcc.a(_lt_sf.o)
                                                  /usr/lib/gcc/avr/4.3.3/avr5/libgcc.a(_ge_sf.o)
__gesf2                                           /usr/lib/gcc/avr/4.3.3/avr5/libgcc.a(_ge_sf.o)
                                                  /usr/lib/gcc/avr/4.3.3/avr5/libgcc.a(_fixunssfsi.o)
__heap_end                                        /usr/lib/gcc/avr/4.3.3/../../../avr/lib/avr5/crtm328p.o
__init                                            /usr/lib/gcc/avr/4.3.3/../../../avr/lib/avr5/crtm328p.o
__ltsf2                                           /usr/lib/gcc/avr/4.3.3/avr5/libgcc.a(_lt_sf.o)
                                                  obj/Debug/Print.o
__mulsf3                                          /usr/lib/gcc/avr/4.3.3/avr5/libgcc.a(_mul_sf.o)
                                                  obj/Debug/Print.o
__mulsi3                                          /usr/lib/gcc/avr/4.3.3/avr5/libgcc.a(_mulsi3.o)
                                                  /usr/lib/gcc/avr/4.3.3/../../../avr/lib/avr5/libc.a(random.o)
                                                  obj/Debug/wiring_pulse.o
                                                  obj/Debug/WMath.o
                                                  obj/Debug/HardwareSerial.o
__pack_f                                          /usr/lib/gcc/avr/4.3.3/avr5/libgcc.a(_pack_sf.o)
                                                  /usr/lib/gcc/avr/4.3.3/avr5/libgcc.a(_usi_to_sf.o)
                                                  /usr/lib/gcc/avr/4.3.3/avr5/libgcc.a(_si_to_sf.o)
                                                  /usr/lib/gcc/avr/4.3.3/avr5/libgcc.a(_div_sf.o)
                                                  /usr/lib/gcc/avr/4.3.3/avr5/libgcc.a(_mul_sf.o)
                                                  /usr/lib/gcc/avr/4.3.3/avr5/libgcc.a(_addsub_sf.o)
__prologue_saves__                                /usr/lib/gcc/avr/4.3.3/avr5/libgcc.a(_prologue.o)
                                                  /usr/lib/gcc/avr/4.3.3/../../../avr/lib/avr5/libc.a(random.o)
                                                  /usr/lib/gcc/avr/4.3.3/avr5/libgcc.a(_usi_to_sf.o)
                                                  /usr/lib/gcc/avr/4.3.3/avr5/libgcc.a(_sf_to_si.o)
                                                  /usr/lib/gcc/avr/4.3.3/avr5/libgcc.a(_si_to_sf.o)
                                                  /usr/lib/gcc/avr/4.3.3/avr5/libgcc.a(_lt_sf.o)
                                                  /usr/lib/gcc/avr/4.3.3/avr5/libgcc.a(_ge_sf.o)
                                                  /usr/lib/gcc/avr/4.3.3/avr5/libgcc.a(_div_sf.o)
                                                  /usr/lib/gcc/avr/4.3.3/avr5/libgcc.a(_mul_sf.o)
                                                  /usr/lib/gcc/avr/4.3.3/avr5/libgcc.a(_addsub_sf.o)
__stack                                           /usr/lib/gcc/avr/4.3.3/../../../avr/lib/avr5/crtm328p.o
__subsf3                                          /usr/lib/gcc/avr/4.3.3/avr5/libgcc.a(_addsub_sf.o)
                                                  /usr/lib/gcc/avr/4.3.3/avr5/libgcc.a(_fixunssfsi.o)
                                                  obj/Debug/Print.o
__tablejump2__                                    /usr/lib/gcc/avr/4.3.3/avr5/libgcc.a(_tablejump.o)
__tablejump__                                     /usr/lib/gcc/avr/4.3.3/avr5/libgcc.a(_tablejump.o)
                                                  /usr/lib/gcc/avr/4.3.3/avr5/libgcc.a(_ctors.o)
__thenan_sf                                       /usr/lib/gcc/avr/4.3.3/avr5/libgcc.a(_thenan_sf.o)
                                                  /usr/lib/gcc/avr/4.3.3/avr5/libgcc.a(_div_sf.o)
                                                  /usr/lib/gcc/avr/4.3.3/avr5/libgcc.a(_mul_sf.o)
                                                  /usr/lib/gcc/avr/4.3.3/avr5/libgcc.a(_addsub_sf.o)
__udivmodhi4                                      /usr/lib/gcc/avr/4.3.3/avr5/libgcc.a(_udivmodhi4.o)
                                                  /usr/lib/gcc/avr/4.3.3/avr5/libgcc.a(_divmodhi4.o)
__udivmodsi4                                      /usr/lib/gcc/avr/4.3.3/avr5/libgcc.a(_udivmodsi4.o)
                                                  /usr/lib/gcc/avr/4.3.3/avr5/libgcc.a(_divmodsi4.o)
                                                  obj/Debug/Print.o
                                                  obj/Debug/HardwareSerial.o
__unpack_f                                        /usr/lib/gcc/avr/4.3.3/avr5/libgcc.a(_unpack_sf.o)
                                                  /usr/lib/gcc/avr/4.3.3/avr5/libgcc.a(_sf_to_si.o)
                                                  /usr/lib/gcc/avr/4.3.3/avr5/libgcc.a(_lt_sf.o)
                                                  /usr/lib/gcc/avr/4.3.3/avr5/libgcc.a(_ge_sf.o)
                                                  /usr/lib/gcc/avr/4.3.3/avr5/libgcc.a(_div_sf.o)
                                                  /usr/lib/gcc/avr/4.3.3/avr5/libgcc.a(_mul_sf.o)
                                                  /usr/lib/gcc/avr/4.3.3/avr5/libgcc.a(_addsub_sf.o)
__vector_1                                        obj/Debug/WInterrupts.o
                                                  /usr/lib/gcc/avr/4.3.3/../../../avr/lib/avr5/crtm328p.o
__vector_10                                       /usr/lib/gcc/avr/4.3.3/../../../avr/lib/avr5/crtm328p.o
__vector_11                                       /usr/lib/gcc/avr/4.3.3/../../../avr/lib/avr5/crtm328p.o
__vector_12                                       /usr/lib/gcc/avr/4.3.3/../../../avr/lib/avr5/crtm328p.o
__vector_13                                       /usr/lib/gcc/avr/4.3.3/../../../avr/lib/avr5/crtm328p.o
__vector_14                                       /usr/lib/gcc/avr/4.3.3/../../../avr/lib/avr5/crtm328p.o
__vector_15                                       /usr/lib/gcc/avr/4.3.3/../../../avr/lib/avr5/crtm328p.o
__vector_16                                       obj/Debug/wiring.o
                                                  /usr/lib/gcc/avr/4.3.3/../../../avr/lib/avr5/crtm328p.o
__vector_17                                       /usr/lib/gcc/avr/4.3.3/../../../avr/lib/avr5/crtm328p.o
__vector_18                                       obj/Debug/HardwareSerial.o
                                                  /usr/lib/gcc/avr/4.3.3/../../../avr/lib/avr5/crtm328p.o
__vector_19                                       /usr/lib/gcc/avr/4.3.3/../../../avr/lib/avr5/crtm328p.o
__vector_2                                        obj/Debug/WInterrupts.o
                                                  /usr/lib/gcc/avr/4.3.3/../../../avr/lib/avr5/crtm328p.o
__vector_20                                       /usr/lib/gcc/avr/4.3.3/../../../avr/lib/avr5/crtm328p.o
__vector_21                                       /usr/lib/gcc/avr/4.3.3/../../../avr/lib/avr5/crtm328p.o
__vector_22                                       /usr/lib/gcc/avr/4.3.3/../../../avr/lib/avr5/crtm328p.o
__vector_23                                       /usr/lib/gcc/avr/4.3.3/../../../avr/lib/avr5/crtm328p.o
__vector_24                                       /usr/lib/gcc/avr/4.3.3/../../../avr/lib/avr5/crtm328p.o
__vector_25                                       /usr/lib/gcc/avr/4.3.3/../../../avr/lib/avr5/crtm328p.o
__vector_3                                        /usr/lib/gcc/avr/4.3.3/../../../avr/lib/avr5/crtm328p.o
__vector_4                                        /usr/lib/gcc/avr/4.3.3/../../../avr/lib/avr5/crtm328p.o
__vector_5                                        /usr/lib/gcc/avr/4.3.3/../../../avr/lib/avr5/crtm328p.o
__vector_6                                        /usr/lib/gcc/avr/4.3.3/../../../avr/lib/avr5/crtm328p.o
__vector_7                                        /usr/lib/gcc/avr/4.3.3/../../../avr/lib/avr5/crtm328p.o
__vector_8                                        /usr/lib/gcc/avr/4.3.3/../../../avr/lib/avr5/crtm328p.o
__vector_9                                        /usr/lib/gcc/avr/4.3.3/../../../avr/lib/avr5/crtm328p.o
__vector_default                                  /usr/lib/gcc/avr/4.3.3/../../../avr/lib/avr5/crtm328p.o
__vectors                                         /usr/lib/gcc/avr/4.3.3/../../../avr/lib/avr5/crtm328p.o
_div                                              /usr/lib/gcc/avr/4.3.3/avr5/libgcc.a(_divmodhi4.o)
_exit                                             /usr/lib/gcc/avr/4.3.3/avr5/libgcc.a(_exit.o)
analogRead                                        obj/Debug/wiring_analog.o
                                                  obj/Debug/main.o
analogReference                                   obj/Debug/wiring_analog.o
analogWrite                                       obj/Debug/wiring_analog.o
analog_reference                                  obj/Debug/wiring_analog.o
attachInterrupt                                   obj/Debug/WInterrupts.o
delay                                             obj/Debug/wiring.o
                                                  obj/Debug/main.o
delayMicroseconds                                 obj/Debug/wiring.o
detachInterrupt                                   obj/Debug/WInterrupts.o
digitalRead                                       obj/Debug/wiring_digital.o
digitalWrite                                      obj/Debug/wiring_digital.o
                                                  obj/Debug/wiring_shift.o
                                                  obj/Debug/wiring_analog.o
                                                  obj/Debug/main.o
digital_pin_to_bit_mask_PGM                       obj/Debug/pins_arduino.o
                                                  obj/Debug/wiring_pulse.o
                                                  obj/Debug/wiring_digital.o
digital_pin_to_port_PGM                           obj/Debug/pins_arduino.o
                                                  obj/Debug/wiring_pulse.o
                                                  obj/Debug/wiring_digital.o
digital_pin_to_timer_PGM                          obj/Debug/pins_arduino.o
                                                  obj/Debug/wiring_digital.o
                                                  obj/Debug/wiring_analog.o
exit                                              /usr/lib/gcc/avr/4.3.3/avr5/libgcc.a(_exit.o)
                                                  /usr/lib/gcc/avr/4.3.3/../../../avr/lib/avr5/crtm328p.o
init                                              obj/Debug/wiring.o
                                                  obj/Debug/main.o
loop                                              obj/Debug/main.o
main                                              obj/Debug/main.o
                                                  /usr/lib/gcc/avr/4.3.3/../../../avr/lib/avr5/crtm328p.o
makeWord(unsigned char, unsigned char)            obj/Debug/WMath.o
makeWord(unsigned int)                            obj/Debug/WMath.o
map(long, long, long, long, long)                 obj/Debug/WMath.o
micros                                            obj/Debug/wiring.o
millis                                            obj/Debug/wiring.o
pinMode                                           obj/Debug/wiring_digital.o
                                                  obj/Debug/wiring_analog.o
                                                  obj/Debug/main.o
port_to_input_PGM                                 obj/Debug/pins_arduino.o
                                                  obj/Debug/wiring_pulse.o
                                                  obj/Debug/wiring_digital.o
port_to_mode_PGM                                  obj/Debug/pins_arduino.o
                                                  obj/Debug/wiring_digital.o
port_to_output_PGM                                obj/Debug/pins_arduino.o
                                                  obj/Debug/wiring_digital.o
pulseIn                                           obj/Debug/wiring_pulse.o
random                                            /usr/lib/gcc/avr/4.3.3/../../../avr/lib/avr5/libc.a(random.o)
                                                  obj/Debug/WMath.o
random(long)                                      obj/Debug/WMath.o
random(long, long)                                obj/Debug/WMath.o
randomSeed(unsigned int)                          obj/Debug/WMath.o
random_r                                          /usr/lib/gcc/avr/4.3.3/../../../avr/lib/avr5/libc.a(random.o)
rx_buffer                                         obj/Debug/HardwareSerial.o
setup                                             obj/Debug/main.o
shiftOut                                          obj/Debug/wiring_shift.o
srandom                                           /usr/lib/gcc/avr/4.3.3/../../../avr/lib/avr5/libc.a(random.o)
                                                  obj/Debug/WMath.o
store_char(unsigned char, ring_buffer*)           obj/Debug/HardwareSerial.o
timer0_millis                                     obj/Debug/wiring.o
timer0_overflow_count                             obj/Debug/wiring.o
vtable for HardwareSerial                         obj/Debug/HardwareSerial.o
vtable for Print                                  obj/Debug/Print.o
                                                  obj/Debug/HardwareSerial.o
x                                                 obj/Debug/main.o
y                                                 obj/Debug/main.o
z                                                 obj/Debug/main.o
